--- Testing 'Any iphones' ---
[SurfyService] ≡ƒƒó Process Chat Start: "Any iphones"
[SurfyService] ≡ƒöæ Extracted Keywords: ["iphones"]
[SurfyService] ≡ƒöì Searching for main keywords: "iphones"
[SurfyService] ≡ƒôª Primary Search Results: 0 products found.
[SurfyService] ΓÜá∩╕Å 0 products found. Triggering Fallback Logic...
[SurfyService] ≡ƒñû Asking AI for alternatives...
[SurfyService] ≡ƒÆí AI Suggested Alternatives: ["Smartphones","Samsung phones","Android phones"]
[SurfyService] ≡ƒöä Searching specifically for alternatives: "Smartphones Samsung phones Android phones"
[SurfyService] ≡ƒôª Alternative Search Results: 0 products found.
[SurfyService] ≡ƒô¥ Generating final response for user...
[SurfyService] ≡ƒôñ Sent Response: "Unfortunately, we don't have any iPhones available right now."
Final Result: {
  "message": "Unfortunately, we don't have any iPhones available right now.",
  "products": []
}
